<?xml version="1.0" encoding="utf-8"?>
<TestRun id="5344ef04-8595-42c7-a3e8-029d94eb78f1" name="victo@DESKTOP-3ICCFBT 2026-01-24 19:27:20" runUser="DESKTOP-3ICCFBT\victo" xmlns="http://microsoft.com/schemas/VisualStudio/TeamTest/2010">
  <Times creation="2026-01-24T19:27:20.8364501+02:00" queuing="2026-01-24T19:27:20.8364505+02:00" start="2026-01-24T19:27:20.0126133+02:00" finish="2026-01-24T19:27:20.8404253+02:00" />
  <TestSettings name="default" id="408e21fd-7c4b-436c-a429-e3d307319ba4">
    <Deployment runDeploymentRoot="victo_DESKTOP-3ICCFBT_2026-01-24_19_27_20" />
  </TestSettings>
  <Results>
    <UnitTestResult executionId="b0c3cd25-2692-46d9-90d7-145d53e62630" testId="61253e43-6d51-9290-aacc-ba5fe873fe75" testName="IV.DX.Contracts.UnitTests.AttributeReaderUnitTests.GetdxUnitectDefinitionAttribute_FromDXObjectDefinitionUnit_AttributeWithCorrectValues" computerName="DESKTOP-3ICCFBT" duration="00:00:00.0035029" startTime="2026-01-24T19:27:20.7493494+02:00" endTime="2026-01-24T19:27:20.7493689+02:00" testType="13cdc9d9-ddb5-4fa4-a97d-d965ccfc6d4b" outcome="Passed" testListId="8c84fa94-04c1-424b-9868-57a2d4851a1d" relativeResultsDirectory="b0c3cd25-2692-46d9-90d7-145d53e62630" />
    <UnitTestResult executionId="19a012c7-a02d-4d2e-a618-7725205ef41a" testId="2ed13afe-469b-78fc-92cc-8b87d39e4bdd" testName="IV.DX.Contracts.UnitTests.AttributeReaderUnitTests.GetDXColumnDefinitionAttributes_FromDXObjectDefinitionUnit_AttributesWithCorrectValues" computerName="DESKTOP-3ICCFBT" duration="00:00:00.0015127" startTime="2026-01-24T19:27:20.7522034+02:00" endTime="2026-01-24T19:27:20.7522034+02:00" testType="13cdc9d9-ddb5-4fa4-a97d-d965ccfc6d4b" outcome="Passed" testListId="8c84fa94-04c1-424b-9868-57a2d4851a1d" relativeResultsDirectory="19a012c7-a02d-4d2e-a618-7725205ef41a" />
    <UnitTestResult executionId="01625a59-c697-4a85-a8ce-d0458f067390" testId="01461530-261e-4105-5b51-26e70af050f3" testName="IV.DX.Contracts.UnitTests.dxUnitectTests.ConvertToDXModel_UsingDerivedDXUnit_CorrectDXModel" computerName="DESKTOP-3ICCFBT" duration="00:00:00.0078278" startTime="2026-01-24T19:27:20.7522265+02:00" endTime="2026-01-24T19:27:20.7522265+02:00" testType="13cdc9d9-ddb5-4fa4-a97d-d965ccfc6d4b" outcome="Passed" testListId="8c84fa94-04c1-424b-9868-57a2d4851a1d" relativeResultsDirectory="01625a59-c697-4a85-a8ce-d0458f067390" />
    <UnitTestResult executionId="1d5acd29-8cb1-4eee-8cb3-4a47d912f583" testId="f4d5274c-6c42-b2ac-6819-0c766b25e31f" testName="IV.DX.Contracts.UnitTests.StringHelperUnitTests.SplitAndKeep_UsingSeveralStringDelimeters_CorrectResult" computerName="DESKTOP-3ICCFBT" duration="00:00:00.0054242" startTime="2026-01-24T19:27:20.7519108+02:00" endTime="2026-01-24T19:27:20.7519109+02:00" testType="13cdc9d9-ddb5-4fa4-a97d-d965ccfc6d4b" outcome="Passed" testListId="8c84fa94-04c1-424b-9868-57a2d4851a1d" relativeResultsDirectory="1d5acd29-8cb1-4eee-8cb3-4a47d912f583" />
    <UnitTestResult executionId="3c0490b2-a02f-443c-a9db-92256af5437f" testId="a9324c11-3f3c-6d30-0974-f290eb18f560" testName="IV.DX.Contracts.UnitTests.StringHelperUnitTests.SplitAndKeep_UsingSeveralCharDelimeters_CorrectResult" computerName="DESKTOP-3ICCFBT" duration="00:00:00.0026815" startTime="2026-01-24T19:27:20.7522526+02:00" endTime="2026-01-24T19:27:20.7522527+02:00" testType="13cdc9d9-ddb5-4fa4-a97d-d965ccfc6d4b" outcome="Passed" testListId="8c84fa94-04c1-424b-9868-57a2d4851a1d" relativeResultsDirectory="3c0490b2-a02f-443c-a9db-92256af5437f" />
  </Results>
  <TestDefinitions>
    <UnitTest name="IV.DX.Contracts.UnitTests.AttributeReaderUnitTests.GetDXColumnDefinitionAttributes_FromDXObjectDefinitionUnit_AttributesWithCorrectValues" storage="c:\iv\git\iv.dx\src\iv.dx\tests\unittests\iv.dx.contracts.unittests\bin\debug\net9.0\iv.dx.contracts.unittests.dll" id="2ed13afe-469b-78fc-92cc-8b87d39e4bdd">
      <Execution id="19a012c7-a02d-4d2e-a618-7725205ef41a" />
      <TestMethod codeBase="C:\IV\Git\IV.DX\src\IV.DX\Tests\UnitTests\IV.DX.Contracts.UnitTests\bin\Debug\net9.0\IV.DX.Contracts.UnitTests.dll" adapterTypeName="executor://xunit/VsTestRunner2/netcoreapp" className="IV.DX.Contracts.UnitTests.AttributeReaderUnitTests" name="GetDXColumnDefinitionAttributes_FromDXObjectDefinitionUnit_AttributesWithCorrectValues" />
    </UnitTest>
    <UnitTest name="IV.DX.Contracts.UnitTests.dxUnitectTests.ConvertToDXModel_UsingDerivedDXUnit_CorrectDXModel" storage="c:\iv\git\iv.dx\src\iv.dx\tests\unittests\iv.dx.contracts.unittests\bin\debug\net9.0\iv.dx.contracts.unittests.dll" id="01461530-261e-4105-5b51-26e70af050f3">
      <Execution id="01625a59-c697-4a85-a8ce-d0458f067390" />
      <TestMethod codeBase="C:\IV\Git\IV.DX\src\IV.DX\Tests\UnitTests\IV.DX.Contracts.UnitTests\bin\Debug\net9.0\IV.DX.Contracts.UnitTests.dll" adapterTypeName="executor://xunit/VsTestRunner2/netcoreapp" className="IV.DX.Contracts.UnitTests.dxUnitectTests" name="ConvertToDXModel_UsingDerivedDXUnit_CorrectDXModel" />
    </UnitTest>
    <UnitTest name="IV.DX.Contracts.UnitTests.AttributeReaderUnitTests.GetdxUnitectDefinitionAttribute_FromDXObjectDefinitionUnit_AttributeWithCorrectValues" storage="c:\iv\git\iv.dx\src\iv.dx\tests\unittests\iv.dx.contracts.unittests\bin\debug\net9.0\iv.dx.contracts.unittests.dll" id="61253e43-6d51-9290-aacc-ba5fe873fe75">
      <Execution id="b0c3cd25-2692-46d9-90d7-145d53e62630" />
      <TestMethod codeBase="C:\IV\Git\IV.DX\src\IV.DX\Tests\UnitTests\IV.DX.Contracts.UnitTests\bin\Debug\net9.0\IV.DX.Contracts.UnitTests.dll" adapterTypeName="executor://xunit/VsTestRunner2/netcoreapp" className="IV.DX.Contracts.UnitTests.AttributeReaderUnitTests" name="GetdxUnitectDefinitionAttribute_FromDXObjectDefinitionUnit_AttributeWithCorrectValues" />
    </UnitTest>
    <UnitTest name="IV.DX.Contracts.UnitTests.StringHelperUnitTests.SplitAndKeep_UsingSeveralCharDelimeters_CorrectResult" storage="c:\iv\git\iv.dx\src\iv.dx\tests\unittests\iv.dx.contracts.unittests\bin\debug\net9.0\iv.dx.contracts.unittests.dll" id="a9324c11-3f3c-6d30-0974-f290eb18f560">
      <Execution id="3c0490b2-a02f-443c-a9db-92256af5437f" />
      <TestMethod codeBase="C:\IV\Git\IV.DX\src\IV.DX\Tests\UnitTests\IV.DX.Contracts.UnitTests\bin\Debug\net9.0\IV.DX.Contracts.UnitTests.dll" adapterTypeName="executor://xunit/VsTestRunner2/netcoreapp" className="IV.DX.Contracts.UnitTests.StringHelperUnitTests" name="SplitAndKeep_UsingSeveralCharDelimeters_CorrectResult" />
    </UnitTest>
    <UnitTest name="IV.DX.Contracts.UnitTests.StringHelperUnitTests.SplitAndKeep_UsingSeveralStringDelimeters_CorrectResult" storage="c:\iv\git\iv.dx\src\iv.dx\tests\unittests\iv.dx.contracts.unittests\bin\debug\net9.0\iv.dx.contracts.unittests.dll" id="f4d5274c-6c42-b2ac-6819-0c766b25e31f">
      <Execution id="1d5acd29-8cb1-4eee-8cb3-4a47d912f583" />
      <TestMethod codeBase="C:\IV\Git\IV.DX\src\IV.DX\Tests\UnitTests\IV.DX.Contracts.UnitTests\bin\Debug\net9.0\IV.DX.Contracts.UnitTests.dll" adapterTypeName="executor://xunit/VsTestRunner2/netcoreapp" className="IV.DX.Contracts.UnitTests.StringHelperUnitTests" name="SplitAndKeep_UsingSeveralStringDelimeters_CorrectResult" />
    </UnitTest>
  </TestDefinitions>
  <TestEntries>
    <TestEntry testId="61253e43-6d51-9290-aacc-ba5fe873fe75" executionId="b0c3cd25-2692-46d9-90d7-145d53e62630" testListId="8c84fa94-04c1-424b-9868-57a2d4851a1d" />
    <TestEntry testId="2ed13afe-469b-78fc-92cc-8b87d39e4bdd" executionId="19a012c7-a02d-4d2e-a618-7725205ef41a" testListId="8c84fa94-04c1-424b-9868-57a2d4851a1d" />
    <TestEntry testId="01461530-261e-4105-5b51-26e70af050f3" executionId="01625a59-c697-4a85-a8ce-d0458f067390" testListId="8c84fa94-04c1-424b-9868-57a2d4851a1d" />
    <TestEntry testId="f4d5274c-6c42-b2ac-6819-0c766b25e31f" executionId="1d5acd29-8cb1-4eee-8cb3-4a47d912f583" testListId="8c84fa94-04c1-424b-9868-57a2d4851a1d" />
    <TestEntry testId="a9324c11-3f3c-6d30-0974-f290eb18f560" executionId="3c0490b2-a02f-443c-a9db-92256af5437f" testListId="8c84fa94-04c1-424b-9868-57a2d4851a1d" />
  </TestEntries>
  <TestLists>
    <TestList name="Results Not in a List" id="8c84fa94-04c1-424b-9868-57a2d4851a1d" />
    <TestList name="All Loaded Results" id="19431567-8539-422a-85d7-44ee4e166bda" />
  </TestLists>
  <ResultSummary outcome="Completed">
    <Counters total="5" executed="5" passed="5" failed="0" error="0" timeout="0" aborted="0" inconclusive="0" passedButRunAborted="0" notRunnable="0" notExecuted="0" disconnected="0" warning="0" completed="0" inProgress="0" pending="0" />
    <Output>
      <StdOut>[xUnit.net 00:00:00.00] xUnit.net VSTest Adapter v2.4.3+1b45f5407b (64-bit .NET 9.0.10)&#xD;
[xUnit.net 00:00:00.32]   Discovering: IV.DX.Contracts.UnitTests&#xD;
[xUnit.net 00:00:00.34]   Discovered:  IV.DX.Contracts.UnitTests&#xD;
[xUnit.net 00:00:00.34]   Starting:    IV.DX.Contracts.UnitTests&#xD;
[xUnit.net 00:00:00.38]   Finished:    IV.DX.Contracts.UnitTests&#xD;
</StdOut>
    </Output>
  </ResultSummary>
</TestRun>