<?xml version="1.0" encoding="utf-8"?>
<TestRun id="5e30f41d-b004-469d-bbfb-20cd1c021282" name="victo@DESKTOP-3ICCFBT 2026-01-24 19:27:22" runUser="DESKTOP-3ICCFBT\victo" xmlns="http://microsoft.com/schemas/VisualStudio/TeamTest/2010">
  <Times creation="2026-01-24T19:27:22.4325723+02:00" queuing="2026-01-24T19:27:22.4325725+02:00" start="2026-01-24T19:27:21.6218852+02:00" finish="2026-01-24T19:27:22.4365379+02:00" />
  <TestSettings name="default" id="b3fbb885-89f5-4be7-92a1-7b328358e71f">
    <Deployment runDeploymentRoot="victo_DESKTOP-3ICCFBT_2026-01-24_19_27_22" />
  </TestSettings>
  <Results>
    <UnitTestResult executionId="64b97a8f-7e2a-4e0c-9dbf-62553dd2f1d8" testId="0d47ecb7-9bea-5ed8-cef5-36cf2c13e8fe" testName="IV.DX.Contracts.UnitTests.DXUnitHelperTests.DXUnitParse_UsingJObject_Ok" computerName="DESKTOP-3ICCFBT" duration="00:00:00.0008996" startTime="2026-01-24T19:27:22.3447481+02:00" endTime="2026-01-24T19:27:22.3447482+02:00" testType="13cdc9d9-ddb5-4fa4-a97d-d965ccfc6d4b" outcome="Passed" testListId="8c84fa94-04c1-424b-9868-57a2d4851a1d" relativeResultsDirectory="64b97a8f-7e2a-4e0c-9dbf-62553dd2f1d8" />
    <UnitTestResult executionId="877199c9-e75f-438c-a388-c23136498bca" testId="dd284910-ed4e-905c-2cc5-883d74ca4a8d" testName="IV.DX.Contracts.UnitTests.DXUnitHelperTests.ConvertToDXModel_UsingDXUnit_Ok" computerName="DESKTOP-3ICCFBT" duration="00:00:00.0004505" startTime="2026-01-24T19:27:22.3498111+02:00" endTime="2026-01-24T19:27:22.3498112+02:00" testType="13cdc9d9-ddb5-4fa4-a97d-d965ccfc6d4b" outcome="Passed" testListId="8c84fa94-04c1-424b-9868-57a2d4851a1d" relativeResultsDirectory="877199c9-e75f-438c-a388-c23136498bca" />
    <UnitTestResult executionId="23d3872a-9ed5-486f-abcc-1f3902b9c17f" testId="afb51990-9883-dd53-edfd-0af817a0aa39" testName="IV.DX.Contracts.UnitTests.DXUnitHelperTests.ConvertToJObject_UsingDXModel_Ok" computerName="DESKTOP-3ICCFBT" duration="00:00:00.0003875" startTime="2026-01-24T19:27:22.3502330+02:00" endTime="2026-01-24T19:27:22.3502330+02:00" testType="13cdc9d9-ddb5-4fa4-a97d-d965ccfc6d4b" outcome="Passed" testListId="8c84fa94-04c1-424b-9868-57a2d4851a1d" relativeResultsDirectory="23d3872a-9ed5-486f-abcc-1f3902b9c17f" />
    <UnitTestResult executionId="89eee161-8d96-45ec-ba9b-7cd4cb194dd8" testId="7367cba6-148b-5af2-ba39-1a60089dfc34" testName="IV.DX.Contracts.UnitTests.DXUnitHelperTests.DXUnitParse_UsingDXModel_Ok" computerName="DESKTOP-3ICCFBT" duration="00:00:00.0195294" startTime="2026-01-24T19:27:22.3349225+02:00" endTime="2026-01-24T19:27:22.3349228+02:00" testType="13cdc9d9-ddb5-4fa4-a97d-d965ccfc6d4b" outcome="Passed" testListId="8c84fa94-04c1-424b-9868-57a2d4851a1d" relativeResultsDirectory="89eee161-8d96-45ec-ba9b-7cd4cb194dd8" />
    <UnitTestResult executionId="16e31cd0-50da-44f6-abbd-ac44d8481df6" testId="be6539c0-7891-c46e-03ef-97dfa951275f" testName="IV.DX.Contracts.UnitTests.DXUnitHelperTests.DXModelParse_UsingJObject_Ok" computerName="DESKTOP-3ICCFBT" duration="00:00:00.0088272" startTime="2026-01-24T19:27:22.3438117+02:00" endTime="2026-01-24T19:27:22.3438119+02:00" testType="13cdc9d9-ddb5-4fa4-a97d-d965ccfc6d4b" outcome="Passed" testListId="8c84fa94-04c1-424b-9868-57a2d4851a1d" relativeResultsDirectory="16e31cd0-50da-44f6-abbd-ac44d8481df6" />
    <UnitTestResult executionId="37a254bd-a4da-411d-bb8a-19f7c922917d" testId="be78463e-a3c8-5f7c-789c-40d949300e80" testName="IV.DX.Contracts.UnitTests.DXUnitHelperTests.ConvertToJObject_UsingDXUnit_Ok" computerName="DESKTOP-3ICCFBT" duration="00:00:00.0045072" startTime="2026-01-24T19:27:22.3493199+02:00" endTime="2026-01-24T19:27:22.3493201+02:00" testType="13cdc9d9-ddb5-4fa4-a97d-d965ccfc6d4b" outcome="Passed" testListId="8c84fa94-04c1-424b-9868-57a2d4851a1d" relativeResultsDirectory="37a254bd-a4da-411d-bb8a-19f7c922917d" />
    <UnitTestResult executionId="2abb128d-83d2-4eb3-afd9-93df9f7ac840" testId="4cb19e15-3698-bc62-d271-1e2c02e47bda" testName="IV.DX.Kernel.UnitTests.Models.DXUnitTests.ToDXModel_UsingDXUnit_Ok" computerName="DESKTOP-3ICCFBT" duration="00:00:00.0077479" startTime="2026-01-24T19:27:22.3275690+02:00" endTime="2026-01-24T19:27:22.3275869+02:00" testType="13cdc9d9-ddb5-4fa4-a97d-d965ccfc6d4b" outcome="Passed" testListId="8c84fa94-04c1-424b-9868-57a2d4851a1d" relativeResultsDirectory="2abb128d-83d2-4eb3-afd9-93df9f7ac840" />
  </Results>
  <TestDefinitions>
    <UnitTest name="IV.DX.Contracts.UnitTests.DXUnitHelperTests.DXUnitParse_UsingDXModel_Ok" storage="c:\iv\git\iv.dx\src\iv.dx\tests\unittests\iv.dx.kernel.unittests\bin\debug\net9.0\iv.dx.kernel.unittests.dll" id="7367cba6-148b-5af2-ba39-1a60089dfc34">
      <Execution id="89eee161-8d96-45ec-ba9b-7cd4cb194dd8" />
      <TestMethod codeBase="C:\IV\Git\IV.DX\src\IV.DX\Tests\UnitTests\IV.DX.Kernel.UnitTests\bin\Debug\net9.0\IV.DX.Kernel.UnitTests.dll" adapterTypeName="executor://xunit/VsTestRunner2/netcoreapp" className="IV.DX.Contracts.UnitTests.DXUnitHelperTests" name="DXUnitParse_UsingDXModel_Ok" />
    </UnitTest>
    <UnitTest name="IV.DX.Contracts.UnitTests.DXUnitHelperTests.DXModelParse_UsingJObject_Ok" storage="c:\iv\git\iv.dx\src\iv.dx\tests\unittests\iv.dx.kernel.unittests\bin\debug\net9.0\iv.dx.kernel.unittests.dll" id="be6539c0-7891-c46e-03ef-97dfa951275f">
      <Execution id="16e31cd0-50da-44f6-abbd-ac44d8481df6" />
      <TestMethod codeBase="C:\IV\Git\IV.DX\src\IV.DX\Tests\UnitTests\IV.DX.Kernel.UnitTests\bin\Debug\net9.0\IV.DX.Kernel.UnitTests.dll" adapterTypeName="executor://xunit/VsTestRunner2/netcoreapp" className="IV.DX.Contracts.UnitTests.DXUnitHelperTests" name="DXModelParse_UsingJObject_Ok" />
    </UnitTest>
    <UnitTest name="IV.DX.Contracts.UnitTests.DXUnitHelperTests.ConvertToJObject_UsingDXUnit_Ok" storage="c:\iv\git\iv.dx\src\iv.dx\tests\unittests\iv.dx.kernel.unittests\bin\debug\net9.0\iv.dx.kernel.unittests.dll" id="be78463e-a3c8-5f7c-789c-40d949300e80">
      <Execution id="37a254bd-a4da-411d-bb8a-19f7c922917d" />
      <TestMethod codeBase="C:\IV\Git\IV.DX\src\IV.DX\Tests\UnitTests\IV.DX.Kernel.UnitTests\bin\Debug\net9.0\IV.DX.Kernel.UnitTests.dll" adapterTypeName="executor://xunit/VsTestRunner2/netcoreapp" className="IV.DX.Contracts.UnitTests.DXUnitHelperTests" name="ConvertToJObject_UsingDXUnit_Ok" />
    </UnitTest>
    <UnitTest name="IV.DX.Kernel.UnitTests.Models.DXUnitTests.ToDXModel_UsingDXUnit_Ok" storage="c:\iv\git\iv.dx\src\iv.dx\tests\unittests\iv.dx.kernel.unittests\bin\debug\net9.0\iv.dx.kernel.unittests.dll" id="4cb19e15-3698-bc62-d271-1e2c02e47bda">
      <Execution id="2abb128d-83d2-4eb3-afd9-93df9f7ac840" />
      <TestMethod codeBase="C:\IV\Git\IV.DX\src\IV.DX\Tests\UnitTests\IV.DX.Kernel.UnitTests\bin\Debug\net9.0\IV.DX.Kernel.UnitTests.dll" adapterTypeName="executor://xunit/VsTestRunner2/netcoreapp" className="IV.DX.Kernel.UnitTests.Models.DXUnitTests" name="ToDXModel_UsingDXUnit_Ok" />
    </UnitTest>
    <UnitTest name="IV.DX.Contracts.UnitTests.DXUnitHelperTests.DXUnitParse_UsingJObject_Ok" storage="c:\iv\git\iv.dx\src\iv.dx\tests\unittests\iv.dx.kernel.unittests\bin\debug\net9.0\iv.dx.kernel.unittests.dll" id="0d47ecb7-9bea-5ed8-cef5-36cf2c13e8fe">
      <Execution id="64b97a8f-7e2a-4e0c-9dbf-62553dd2f1d8" />
      <TestMethod codeBase="C:\IV\Git\IV.DX\src\IV.DX\Tests\UnitTests\IV.DX.Kernel.UnitTests\bin\Debug\net9.0\IV.DX.Kernel.UnitTests.dll" adapterTypeName="executor://xunit/VsTestRunner2/netcoreapp" className="IV.DX.Contracts.UnitTests.DXUnitHelperTests" name="DXUnitParse_UsingJObject_Ok" />
    </UnitTest>
    <UnitTest name="IV.DX.Contracts.UnitTests.DXUnitHelperTests.ConvertToJObject_UsingDXModel_Ok" storage="c:\iv\git\iv.dx\src\iv.dx\tests\unittests\iv.dx.kernel.unittests\bin\debug\net9.0\iv.dx.kernel.unittests.dll" id="afb51990-9883-dd53-edfd-0af817a0aa39">
      <Execution id="23d3872a-9ed5-486f-abcc-1f3902b9c17f" />
      <TestMethod codeBase="C:\IV\Git\IV.DX\src\IV.DX\Tests\UnitTests\IV.DX.Kernel.UnitTests\bin\Debug\net9.0\IV.DX.Kernel.UnitTests.dll" adapterTypeName="executor://xunit/VsTestRunner2/netcoreapp" className="IV.DX.Contracts.UnitTests.DXUnitHelperTests" name="ConvertToJObject_UsingDXModel_Ok" />
    </UnitTest>
    <UnitTest name="IV.DX.Contracts.UnitTests.DXUnitHelperTests.ConvertToDXModel_UsingDXUnit_Ok" storage="c:\iv\git\iv.dx\src\iv.dx\tests\unittests\iv.dx.kernel.unittests\bin\debug\net9.0\iv.dx.kernel.unittests.dll" id="dd284910-ed4e-905c-2cc5-883d74ca4a8d">
      <Execution id="877199c9-e75f-438c-a388-c23136498bca" />
      <TestMethod codeBase="C:\IV\Git\IV.DX\src\IV.DX\Tests\UnitTests\IV.DX.Kernel.UnitTests\bin\Debug\net9.0\IV.DX.Kernel.UnitTests.dll" adapterTypeName="executor://xunit/VsTestRunner2/netcoreapp" className="IV.DX.Contracts.UnitTests.DXUnitHelperTests" name="ConvertToDXModel_UsingDXUnit_Ok" />
    </UnitTest>
  </TestDefinitions>
  <TestEntries>
    <TestEntry testId="0d47ecb7-9bea-5ed8-cef5-36cf2c13e8fe" executionId="64b97a8f-7e2a-4e0c-9dbf-62553dd2f1d8" testListId="8c84fa94-04c1-424b-9868-57a2d4851a1d" />
    <TestEntry testId="dd284910-ed4e-905c-2cc5-883d74ca4a8d" executionId="877199c9-e75f-438c-a388-c23136498bca" testListId="8c84fa94-04c1-424b-9868-57a2d4851a1d" />
    <TestEntry testId="afb51990-9883-dd53-edfd-0af817a0aa39" executionId="23d3872a-9ed5-486f-abcc-1f3902b9c17f" testListId="8c84fa94-04c1-424b-9868-57a2d4851a1d" />
    <TestEntry testId="7367cba6-148b-5af2-ba39-1a60089dfc34" executionId="89eee161-8d96-45ec-ba9b-7cd4cb194dd8" testListId="8c84fa94-04c1-424b-9868-57a2d4851a1d" />
    <TestEntry testId="be6539c0-7891-c46e-03ef-97dfa951275f" executionId="16e31cd0-50da-44f6-abbd-ac44d8481df6" testListId="8c84fa94-04c1-424b-9868-57a2d4851a1d" />
    <TestEntry testId="be78463e-a3c8-5f7c-789c-40d949300e80" executionId="37a254bd-a4da-411d-bb8a-19f7c922917d" testListId="8c84fa94-04c1-424b-9868-57a2d4851a1d" />
    <TestEntry testId="4cb19e15-3698-bc62-d271-1e2c02e47bda" executionId="2abb128d-83d2-4eb3-afd9-93df9f7ac840" testListId="8c84fa94-04c1-424b-9868-57a2d4851a1d" />
  </TestEntries>
  <TestLists>
    <TestList name="Results Not in a List" id="8c84fa94-04c1-424b-9868-57a2d4851a1d" />
    <TestList name="All Loaded Results" id="19431567-8539-422a-85d7-44ee4e166bda" />
  </TestLists>
  <ResultSummary outcome="Completed">
    <Counters total="7" executed="7" passed="7" failed="0" error="0" timeout="0" aborted="0" inconclusive="0" passedButRunAborted="0" notRunnable="0" notExecuted="0" disconnected="0" warning="0" completed="0" inProgress="0" pending="0" />
    <Output>
      <StdOut>[xUnit.net 00:00:00.00] xUnit.net VSTest Adapter v2.4.3+1b45f5407b (64-bit .NET 9.0.10)&#xD;
[xUnit.net 00:00:00.30]   Discovering: IV.DX.Kernel.UnitTests&#xD;
[xUnit.net 00:00:00.33]   Discovered:  IV.DX.Kernel.UnitTests&#xD;
[xUnit.net 00:00:00.33]   Starting:    IV.DX.Kernel.UnitTests&#xD;
[xUnit.net 00:00:00.39]   Finished:    IV.DX.Kernel.UnitTests&#xD;
</StdOut>
    </Output>
  </ResultSummary>
</TestRun>